[37618:5216517:0814/134355.654601:INFO:components/enterprise/browser/controller/chrome_browser_cloud_management_controller.cc:202] No machine level policy manager exists.
[37618:5216602:0814/134404.248033:ERROR:base/process/process_mac.cc:53] task_policy_set TASK_CATEGORY_POLICY: (os/kern) invalid argument (4)
[37618:5216602:0814/134404.248187:ERROR:base/process/process_mac.cc:98] task_policy_set TASK_SUPPRESSION_POLICY: (os/kern) invalid argument (4)
[37618:5216583:0814/134407.085236:ERROR:google_apis/gcm/engine/registration_request.cc:291] Registration response error message: DEPRECATED_ENDPOINT
[37618:5216583:0814/134409.638205:ERROR:google_apis/gcm/engine/connection_factory_impl.cc:434] Failed to connect to MCS endpoint with error -111
[37618:5216583:0814/134430.584144:ERROR:google_apis/gcm/engine/registration_request.cc:291] Registration response error message: DEPRECATED_ENDPOINT
[37618:5216583:0814/134433.811645:ERROR:google_apis/gcm/engine/connection_handler_impl.cc:408] Received message of invalid type 84
[37618:5216583:0814/134433.811676:ERROR:google_apis/gcm/engine/connection_factory_impl.cc:483] ConnectionHandler failed with net error: -4
[37618:5216517:0814/134504.828462:WARNING:chrome/browser/media/prefs/capture_device_ranking.h:255] Can't initialize the value of media.audio_input.user_preference_ranking because media.default_audio_capture_device isn't registered or is empty
[37618:5216517:0814/134504.828690:WARNING:chrome/browser/media/prefs/capture_device_ranking.h:255] Can't initialize the value of media.video_input.user_preference_ranking because media.default_video_capture_Device isn't registered or is empty
[37618:5216517:0814/134504.829859:INFO:CONSOLE:1] "Error", source: https://abs.twimg.com/responsive-web/client-web/main.6256677a.js (1)
[37634:5218954:0814/134505.897035:INFO:third_party/blink/renderer/modules/peerconnection/peer_connection_dependency_factory.cc:802] Running WebRTC with a combined Network and Worker thread.
[37618:5216583:0814/134518.158335:ERROR:google_apis/gcm/engine/connection_factory_impl.cc:434] Failed to connect to MCS endpoint with error -111
[37618:5216583:0814/134520.218929:ERROR:google_apis/gcm/engine/registration_request.cc:291] Registration response error message: DEPRECATED_ENDPOINT
[37618:5216517:0814/134534.157588:INFO:CONSOLE:74] "[GSI_LOGGER]: Your client application uses one of the Google One Tap prompt UI status methods that may stop functioning when FedCM becomes mandatory. Refer to the migration guide to update your code accordingly and opt-in to FedCM to test your changes. Learn more: https://developers.google.com/identity/gsi/web/guides/fedcm-migration?s=dc#display_moment and https://developers.google.com/identity/gsi/web/guides/fedcm-migration?s=dc#skipped_moment", source: https://accounts.google.com/gsi/client (74)
[37618:5216517:0814/134534.158863:INFO:CONSOLE:75] "[GSI_LOGGER]: FedCM get() rejects with TypeError: Failed to execute 'get' on 'CredentialsContainer': Failed to read the 'identity' property from 'CredentialRequestOptions': Failed to read the 'mode' property from 'IdentityCredentialRequestOptions': The provided value 'widget' is not a valid enum value of type IdentityCredentialRequestOptionsMode.", source: https://accounts.google.com/gsi/client (75)
[37618:5216517:0814/134534.158931:INFO:CONSOLE:75] "[GSI_LOGGER]: FedCM get() rejects with TypeError: Failed to execute 'get' on 'CredentialsContainer': Failed to read the 'identity' property from 'CredentialRequestOptions': Failed to read the 'mode' property from 'IdentityCredentialRequestOptions': The provided value 'widget' is not a valid enum value of type IdentityCredentialRequestOptionsMode.", source: https://accounts.google.com/gsi/client (75)
[37618:5216517:0814/134546.071986:INFO:CONSOLE:31] "Slow network is detected. See https://www.chromestatus.com/feature/5636954674692096 for more details. Fallback font will be used while loading: https://abs.twimg.com/responsive-web/client-web/Chirp-Bold.ebb56aba.woff2", source: https://abs.twimg.com/responsive-web/client-web/main.6256677a.js (31)
[37618:5216517:0814/134546.072089:INFO:CONSOLE:31] "Slow network is detected. See https://www.chromestatus.com/feature/5636954674692096 for more details. Fallback font will be used while loading: https://abs.twimg.com/responsive-web/client-web/Chirp-Regular.80fda27a.woff2", source: https://abs.twimg.com/responsive-web/client-web/main.6256677a.js (31)
[37618:5216517:0814/134630.822966:INFO:CONSOLE:1] "Slow network is detected. See https://www.chromestatus.com/feature/5636954674692096 for more details. Fallback font will be used while loading: https://abs.twimg.com/fonts/v1/chirp-extended-heavy-web.woff2", source: https://abs.twimg.com/responsive-web/client-web/main.6256677a.js (1)
[37618:5216583:0814/134637.639092:WARNING:content/browser/video_capture_service_impl.cc:130] Enabling safe mode VideoCaptureService
[37618:5216517:0814/134637.639778:ERROR:content/browser/network_service_instance_impl.cc:597] Network service crashed, restarting service.
