[37207:5212739:0814/134124.386033:INFO:components/enterprise/browser/controller/chrome_browser_cloud_management_controller.cc:202] No machine level policy manager exists.
[37207:5212793:0814/134131.075372:ERROR:google_apis/gcm/engine/connection_factory_impl.cc:434] Failed to connect to MCS endpoint with error -111
[37207:5212793:0814/134152.510542:ERROR:google_apis/gcm/engine/registration_request.cc:274] Registration URL fetching failed.
[37207:5212793:0814/134204.729203:ERROR:google_apis/gcm/engine/connection_handler_impl.cc:408] Received message of invalid type 84
[37207:5212793:0814/134204.729419:ERROR:google_apis/gcm/engine/connection_factory_impl.cc:483] ConnectionHandler failed with net error: -4
[37207:5212793:0814/134217.750964:ERROR:google_apis/gcm/engine/registration_request.cc:291] Registration response error message: QUOTA_EXCEEDED
[37207:5212739:0814/134235.751973:WARNING:chrome/browser/media/prefs/capture_device_ranking.h:255] Can't initialize the value of media.audio_input.user_preference_ranking because media.default_audio_capture_device isn't registered or is empty
[37207:5212739:0814/134235.752218:WARNING:chrome/browser/media/prefs/capture_device_ranking.h:255] Can't initialize the value of media.video_input.user_preference_ranking because media.default_video_capture_Device isn't registered or is empty
[37207:5212739:0814/134235.753215:INFO:CONSOLE:1] "Error", source: https://abs.twimg.com/responsive-web/client-web/main.6256677a.js (1)
[37225:5214642:0814/134236.452515:INFO:third_party/blink/renderer/modules/peerconnection/peer_connection_dependency_factory.cc:802] Running WebRTC with a combined Network and Worker thread.
[37207:5212739:0814/134251.313051:INFO:CONSOLE:1] "Slow network is detected. See https://www.chromestatus.com/feature/5636954674692096 for more details. Fallback font will be used while loading: https://abs.twimg.com/responsive-web/client-web/Chirp-Medium.f8e2739a.woff2", source: https://abs.twimg.com/responsive-web/client-web/main.6256677a.js (1)
[37207:5212739:0814/134251.313231:INFO:CONSOLE:1] "Slow network is detected. See https://www.chromestatus.com/feature/5636954674692096 for more details. Fallback font will be used while loading: https://abs.twimg.com/responsive-web/client-web/Chirp-Regular.80fda27a.woff2", source: https://abs.twimg.com/responsive-web/client-web/main.6256677a.js (1)
[37207:5212739:0814/134251.313257:INFO:CONSOLE:1] "Slow network is detected. See https://www.chromestatus.com/feature/5636954674692096 for more details. Fallback font will be used while loading: https://abs.twimg.com/responsive-web/client-web/Chirp-Bold.ebb56aba.woff2", source: https://abs.twimg.com/responsive-web/client-web/main.6256677a.js (1)
[37207:5212739:0814/134259.509903:INFO:CONSOLE:74] "[GSI_LOGGER]: Your client application uses one of the Google One Tap prompt UI status methods that may stop functioning when FedCM becomes mandatory. Refer to the migration guide to update your code accordingly and opt-in to FedCM to test your changes. Learn more: https://developers.google.com/identity/gsi/web/guides/fedcm-migration?s=dc#display_moment and https://developers.google.com/identity/gsi/web/guides/fedcm-migration?s=dc#skipped_moment", source: https://accounts.google.com/gsi/client (74)
[37207:5212739:0814/134259.510947:INFO:CONSOLE:75] "[GSI_LOGGER]: FedCM get() rejects with TypeError: Failed to execute 'get' on 'CredentialsContainer': Failed to read the 'identity' property from 'CredentialRequestOptions': Failed to read the 'mode' property from 'IdentityCredentialRequestOptions': The provided value 'widget' is not a valid enum value of type IdentityCredentialRequestOptionsMode.", source: https://accounts.google.com/gsi/client (75)
[37207:5212793:0814/134305.439854:ERROR:google_apis/gcm/engine/connection_factory_impl.cc:434] Failed to connect to MCS endpoint with error -111
[37207:5212739:0814/134323.676929:INFO:CONSOLE:0] "Slow network is detected. See https://www.chromestatus.com/feature/5636954674692096 for more details. Fallback font will be used while loading: https://fonts.gstatic.com/s/googlesans/v58/4UaRrENHsxJlGDuGo1OIlJfC6l_24rlCK1Yo_Iq2vgCI.woff2", source: https://accounts.google.com/gsi/button?theme=outline&size=large&shape=circle&logo_alignment=center&text=signup_with&width=300&is_fedcm_supported=true&client_id=49625052041-kgt0hghf445lmcmhijv46b715m2mpbct.apps.googleusercontent.com&iframe_id=gsi_199418_68732&cas=3k9et2YRJeuLJLPzafJ4NSBMRV29%2FCa0PXdC%2B9lkas0&hl=en-GB (0)
[37207:5212739:0814/134343.240249:WARNING:components/autofill/content/browser/content_autofill_driver.cc:241] Skipped Autofill message for inactive frame
[37207:5212739:0814/134343.617658:WARNING:components/autofill/content/browser/content_autofill_driver.cc:241] Skipped Autofill message for inactive frame
[37207:5212739:0814/134343.617709:WARNING:components/autofill/content/browser/content_autofill_driver.cc:241] Skipped Autofill message for inactive frame
